// Jest Snapshot v1, https://goo.gl/fbAQLP

exports[`<OnlineUsersList  /> should match snapshot 1`] = `
.c0 {
  border: 1px solid black;
  text-align: center;
}

.c0 ul {
  list-style: none;
}

<div
  class="c0"
>
  <h2>
    Online Users (
    )
  </h2>
  <p>
    Loading...
  </p>
</div>
`;
